#-----------------------------------------------------------
# Vivado v2022.1 (64-bit)
# SW Build 3526262 on Mon Apr 18 15:48:16 MDT 2022
# IP Build 3524634 on Mon Apr 18 20:55:01 MDT 2022
# Start of session at: Fri Jul 28 00:10:14 2023
# Process ID: 78628
# Current directory: d:/Git/radio_periph_lab/vivado/radio_periph_lab.tmp/full_radio_v1_0_project/full_radio_v1_0_project.runs/fir1_125_synth_1
# Command line: vivado.exe -log fir1_125.vds -product Vivado -mode batch -messageDb vivado.pb -notrace -source fir1_125.tcl
# Log file: d:/Git/radio_periph_lab/vivado/radio_periph_lab.tmp/full_radio_v1_0_project/full_radio_v1_0_project.runs/fir1_125_synth_1/fir1_125.vds
# Journal file: d:/Git/radio_periph_lab/vivado/radio_periph_lab.tmp/full_radio_v1_0_project/full_radio_v1_0_project.runs/fir1_125_synth_1\vivado.jou
# Running On: Thuong-Nguyen-PC, OS: Windows, CPU Frequency: 2592 MHz, CPU Physical cores: 6, Host memory: 17073 MB
#-----------------------------------------------------------
source fir1_125.tcl -notrace
