#-----------------------------------------------------------
# Vivado v2022.1 (64-bit)
# SW Build 3526262 on Mon Apr 18 15:48:16 MDT 2022
# IP Build 3524634 on Mon Apr 18 20:55:01 MDT 2022
# Start of session at: Thu Jul 27 22:35:25 2023
# Process ID: 116348
# Current directory: d:/Git/radio_periph_lab/vivado/radio_periph_lab.tmp/full_radio_v1_0_project/full_radio_v1_0_project.runs/dds_tuner_synth_1
# Command line: vivado.exe -log dds_tuner.vds -product Vivado -mode batch -messageDb vivado.pb -notrace -source dds_tuner.tcl
# Log file: d:/Git/radio_periph_lab/vivado/radio_periph_lab.tmp/full_radio_v1_0_project/full_radio_v1_0_project.runs/dds_tuner_synth_1/dds_tuner.vds
# Journal file: d:/Git/radio_periph_lab/vivado/radio_periph_lab.tmp/full_radio_v1_0_project/full_radio_v1_0_project.runs/dds_tuner_synth_1\vivado.jou
# Running On: Thuong-Nguyen-PC, OS: Windows, CPU Frequency: 2592 MHz, CPU Physical cores: 6, Host memory: 17073 MB
#-----------------------------------------------------------
source dds_tuner.tcl -notrace
